[      10ms] [ERROR] Event @ http://127.0.0.1:8000/static/vendor/htmx-1.9.12/htmx.min.js:0
[   53333ms] [LOG] [tgoi] sseMessage type: cycle.done @ :21
[   53334ms] [LOG] [tgoi] sseMessage type: status @ :21
[   53357ms] [LOG] [tgoi] sseMessage type: cycle.done @ :21
[   53358ms] [LOG] [tgoi] sseMessage type: status @ :21
[  113382ms] [LOG] [tgoi] sseMessage type: cycle.done @ :21
[  113383ms] [LOG] [tgoi] sseMessage type: status @ :21
[  113404ms] [LOG] [tgoi] sseMessage type: cycle.done @ :21
[  113405ms] [LOG] [tgoi] sseMessage type: status @ :21
[  173430ms] [LOG] [tgoi] sseMessage type: cycle.done @ :21
[  173431ms] [LOG] [tgoi] sseMessage type: status @ :21
[  173454ms] [LOG] [tgoi] sseMessage type: cycle.done @ :21
[  173454ms] [LOG] [tgoi] sseMessage type: status @ :21
[  233489ms] [LOG] [tgoi] sseMessage type: cycle.done @ :21
[  233489ms] [LOG] [tgoi] htmx:sseMessage type=cycle.done @ :20
[  233492ms] [LOG] [tgoi] sseMessage type: status @ :21
[  233492ms] [LOG] [tgoi] htmx:sseMessage type=status @ :20
[  233495ms] [LOG] [tgoi] SSE lot.new received! @ :19
[  233495ms] [LOG] [tgoi] sseMessage type: lot.new @ :21
[  233495ms] [LOG] [tgoi] htmx:sseMessage type=lot.new @ :20
[  233496ms] [LOG] [tgoi] lot.new RECEIVED! @ :23
[  233499ms] [LOG] [tgoi] SSE lot.new received! @ :19
[  233499ms] [LOG] [tgoi] sseMessage type: lot.new @ :21
[  233499ms] [LOG] [tgoi] htmx:sseMessage type=lot.new @ :20
[  233499ms] [LOG] [tgoi] lot.new RECEIVED! @ :23
[  233521ms] [LOG] [tgoi] sseMessage type: cycle.done @ :21
[  233521ms] [LOG] [tgoi] htmx:sseMessage type=cycle.done @ :20
[  233523ms] [LOG] [tgoi] sseMessage type: status @ :21
[  233523ms] [LOG] [tgoi] htmx:sseMessage type=status @ :20
[  238622ms] [LOG] [tgoi] sseMessage type: cycle.done @ :21
[  238622ms] [LOG] [tgoi] htmx:sseMessage type=cycle.done @ :20
[  238623ms] [LOG] [tgoi] sseMessage type: status @ :21
[  238623ms] [LOG] [tgoi] htmx:sseMessage type=status @ :20
[  238648ms] [LOG] [tgoi] sseMessage type: cycle.done @ :21
[  238648ms] [LOG] [tgoi] htmx:sseMessage type=cycle.done @ :20
[  238650ms] [LOG] [tgoi] sseMessage type: status @ :21
[  238650ms] [LOG] [tgoi] htmx:sseMessage type=status @ :20
[  298684ms] [LOG] [tgoi] sseMessage type: cycle.done @ :21
[  298684ms] [LOG] [tgoi] htmx:sseMessage type=cycle.done @ :20
[  298686ms] [LOG] [tgoi] sseMessage type: status @ :21
[  298686ms] [LOG] [tgoi] htmx:sseMessage type=status @ :20
[  298709ms] [LOG] [tgoi] sseMessage type: cycle.done @ :21
[  298709ms] [LOG] [tgoi] htmx:sseMessage type=cycle.done @ :20
[  298709ms] [LOG] [tgoi] sseMessage type: status @ :21
[  298709ms] [LOG] [tgoi] htmx:sseMessage type=status @ :20
[  352496ms] [LOG] [tgoi] sseMessage type: cycle.done @ :21
[  352496ms] [LOG] [tgoi] htmx:sseMessage type=cycle.done @ :20
[  352497ms] [LOG] [tgoi] sseMessage type: status @ :21
[  352497ms] [LOG] [tgoi] htmx:sseMessage type=status @ :20
[  352525ms] [LOG] [tgoi] sseMessage type: cycle.done @ :21
[  352525ms] [LOG] [tgoi] htmx:sseMessage type=cycle.done @ :20
[  352526ms] [LOG] [tgoi] sseMessage type: status @ :21
[  352526ms] [LOG] [tgoi] htmx:sseMessage type=status @ :20
[  396094ms] [LOG] [tgoi] sseMessage type: cycle.done @ :21
[  396095ms] [LOG] [tgoi] htmx:sseMessage type=cycle.done @ :20
[  396095ms] [LOG] [tgoi] sseMessage type: status @ :21
[  396096ms] [LOG] [tgoi] htmx:sseMessage type=status @ :20
[  396103ms] [LOG] [tgoi] SSE lot.new received! @ :19
[  396103ms] [LOG] [tgoi] sseMessage type: lot.new @ :21
[  396103ms] [LOG] [tgoi] htmx:sseMessage type=lot.new @ :20
[  396103ms] [LOG] [tgoi] lot.new RECEIVED! @ :23
[  396106ms] [LOG] [tgoi] SSE lot.new received! @ :19
[  396107ms] [LOG] [tgoi] sseMessage type: lot.new @ :21
[  396107ms] [LOG] [tgoi] htmx:sseMessage type=lot.new @ :20
[  396107ms] [LOG] [tgoi] lot.new RECEIVED! @ :23
[  396137ms] [LOG] [tgoi] sseMessage type: cycle.done @ :21
[  396137ms] [LOG] [tgoi] htmx:sseMessage type=cycle.done @ :20
[  396139ms] [LOG] [tgoi] sseMessage type: status @ :21
[  396139ms] [LOG] [tgoi] htmx:sseMessage type=status @ :20
[  446774ms] [LOG] [tgoi] sseMessage type: cycle.done @ :21
[  446774ms] [LOG] [tgoi] htmx:sseMessage type=cycle.done @ :20
[  446775ms] [LOG] [tgoi] sseMessage type: status @ :21
[  446775ms] [LOG] [tgoi] htmx:sseMessage type=status @ :20
[  446781ms] [LOG] [tgoi] SSE lot.new received! @ :19
[  446781ms] [LOG] [tgoi] sseMessage type: lot.new @ :21
[  446781ms] [LOG] [tgoi] htmx:sseMessage type=lot.new @ :20
[  446781ms] [LOG] [tgoi] lot.new RECEIVED! @ :23
[  446789ms] [LOG] [tgoi] SSE lot.new received! @ :19
[  446790ms] [LOG] [tgoi] sseMessage type: lot.new @ :21
[  446790ms] [LOG] [tgoi] htmx:sseMessage type=lot.new @ :20
[  446790ms] [LOG] [tgoi] lot.new RECEIVED! @ :23
[  446822ms] [LOG] [tgoi] sseMessage type: cycle.done @ :21
[  446823ms] [LOG] [tgoi] htmx:sseMessage type=cycle.done @ :20
[  446824ms] [LOG] [tgoi] sseMessage type: status @ :21
[  446824ms] [LOG] [tgoi] htmx:sseMessage type=status @ :20
[  509847ms] [LOG] [tgoi] sseMessage type: cycle.done @ :21
[  509847ms] [LOG] [tgoi] htmx:sseMessage type=cycle.done @ :20
[  509854ms] [LOG] [tgoi] sseMessage type: status @ :21
[  509854ms] [LOG] [tgoi] htmx:sseMessage type=status @ :20
[  517875ms] [LOG] [tgoi] sseMessage type: cycle.done @ :21
[  517875ms] [LOG] [tgoi] htmx:sseMessage type=cycle.done @ :20
[  517877ms] [LOG] [tgoi] sseMessage type: status @ :21
[  517877ms] [LOG] [tgoi] htmx:sseMessage type=status @ :20
[  585901ms] [LOG] [tgoi] sseMessage type: cycle.done @ :21
[  585901ms] [LOG] [tgoi] htmx:sseMessage type=cycle.done @ :20
[  585903ms] [LOG] [tgoi] sseMessage type: status @ :21
[  585903ms] [LOG] [tgoi] htmx:sseMessage type=status @ :20
[  593925ms] [LOG] [tgoi] sseMessage type: cycle.done @ :21
[  593925ms] [LOG] [tgoi] htmx:sseMessage type=cycle.done @ :20
[  593926ms] [LOG] [tgoi] sseMessage type: status @ :21
[  593926ms] [LOG] [tgoi] htmx:sseMessage type=status @ :20
[  661959ms] [LOG] [tgoi] sseMessage type: cycle.done @ :21
[  661959ms] [LOG] [tgoi] htmx:sseMessage type=cycle.done @ :20
[  661960ms] [LOG] [tgoi] sseMessage type: status @ :21
[  661960ms] [LOG] [tgoi] htmx:sseMessage type=status @ :20
[  669991ms] [LOG] [tgoi] sseMessage type: cycle.done @ :21
[  669991ms] [LOG] [tgoi] htmx:sseMessage type=cycle.done @ :20
[  669993ms] [LOG] [tgoi] sseMessage type: status @ :21
[  669993ms] [LOG] [tgoi] htmx:sseMessage type=status @ :20
[  738013ms] [LOG] [tgoi] sseMessage type: cycle.done @ :21
[  738013ms] [LOG] [tgoi] htmx:sseMessage type=cycle.done @ :20
[  738017ms] [LOG] [tgoi] sseMessage type: status @ :21
[  738017ms] [LOG] [tgoi] htmx:sseMessage type=status @ :20
[  746035ms] [LOG] [tgoi] sseMessage type: cycle.done @ :21
[  746035ms] [LOG] [tgoi] htmx:sseMessage type=cycle.done @ :20
[  746038ms] [LOG] [tgoi] sseMessage type: status @ :21
[  746038ms] [LOG] [tgoi] htmx:sseMessage type=status @ :20
[  814065ms] [LOG] [tgoi] sseMessage type: cycle.done @ :21
[  814065ms] [LOG] [tgoi] htmx:sseMessage type=cycle.done @ :20
[  814071ms] [LOG] [tgoi] sseMessage type: status @ :21
[  814071ms] [LOG] [tgoi] htmx:sseMessage type=status @ :20
[  822093ms] [LOG] [tgoi] sseMessage type: cycle.done @ :21
[  822093ms] [LOG] [tgoi] htmx:sseMessage type=cycle.done @ :20
[  822096ms] [LOG] [tgoi] sseMessage type: status @ :21
[  822096ms] [LOG] [tgoi] htmx:sseMessage type=status @ :20
[  890116ms] [LOG] [tgoi] sseMessage type: cycle.done @ :21
[  890116ms] [LOG] [tgoi] htmx:sseMessage type=cycle.done @ :20
[  890118ms] [LOG] [tgoi] sseMessage type: status @ :21
[  890118ms] [LOG] [tgoi] htmx:sseMessage type=status @ :20
[  898141ms] [LOG] [tgoi] sseMessage type: cycle.done @ :21
[  898141ms] [LOG] [tgoi] htmx:sseMessage type=cycle.done @ :20
[  898145ms] [LOG] [tgoi] sseMessage type: status @ :21
[  898145ms] [LOG] [tgoi] htmx:sseMessage type=status @ :20
[  966165ms] [LOG] [tgoi] sseMessage type: cycle.done @ :21
[  966166ms] [LOG] [tgoi] htmx:sseMessage type=cycle.done @ :20
[  966168ms] [LOG] [tgoi] sseMessage type: status @ :21
[  966168ms] [LOG] [tgoi] htmx:sseMessage type=status @ :20
[  974191ms] [LOG] [tgoi] sseMessage type: cycle.done @ :21
[  974192ms] [LOG] [tgoi] htmx:sseMessage type=cycle.done @ :20
[  974196ms] [LOG] [tgoi] sseMessage type: status @ :21
[  974196ms] [LOG] [tgoi] htmx:sseMessage type=status @ :20
[ 1042216ms] [LOG] [tgoi] sseMessage type: cycle.done @ :21
[ 1042216ms] [LOG] [tgoi] htmx:sseMessage type=cycle.done @ :20
[ 1042220ms] [LOG] [tgoi] sseMessage type: status @ :21
[ 1042220ms] [LOG] [tgoi] htmx:sseMessage type=status @ :20
[ 1050236ms] [LOG] [tgoi] sseMessage type: cycle.done @ :21
[ 1050237ms] [LOG] [tgoi] htmx:sseMessage type=cycle.done @ :20
[ 1050243ms] [LOG] [tgoi] sseMessage type: status @ :21
[ 1050243ms] [LOG] [tgoi] htmx:sseMessage type=status @ :20
[ 1118262ms] [LOG] [tgoi] sseMessage type: cycle.done @ :21
[ 1118262ms] [LOG] [tgoi] htmx:sseMessage type=cycle.done @ :20
[ 1118263ms] [LOG] [tgoi] sseMessage type: status @ :21
[ 1118263ms] [LOG] [tgoi] htmx:sseMessage type=status @ :20
[ 1126284ms] [LOG] [tgoi] sseMessage type: cycle.done @ :21
[ 1126284ms] [LOG] [tgoi] htmx:sseMessage type=cycle.done @ :20
[ 1126285ms] [LOG] [tgoi] sseMessage type: status @ :21
[ 1126285ms] [LOG] [tgoi] htmx:sseMessage type=status @ :20
[ 1194307ms] [LOG] [tgoi] sseMessage type: cycle.done @ :21
[ 1194308ms] [LOG] [tgoi] htmx:sseMessage type=cycle.done @ :20
[ 1194309ms] [LOG] [tgoi] sseMessage type: status @ :21
[ 1194309ms] [LOG] [tgoi] htmx:sseMessage type=status @ :20
[ 1202331ms] [LOG] [tgoi] sseMessage type: cycle.done @ :21
[ 1202331ms] [LOG] [tgoi] htmx:sseMessage type=cycle.done @ :20
[ 1202333ms] [LOG] [tgoi] sseMessage type: status @ :21
[ 1202333ms] [LOG] [tgoi] htmx:sseMessage type=status @ :20
[ 1270354ms] [LOG] [tgoi] sseMessage type: cycle.done @ :21
[ 1270354ms] [LOG] [tgoi] htmx:sseMessage type=cycle.done @ :20
[ 1270356ms] [LOG] [tgoi] sseMessage type: status @ :21
[ 1270356ms] [LOG] [tgoi] htmx:sseMessage type=status @ :20
[ 1278378ms] [LOG] [tgoi] sseMessage type: cycle.done @ :21
[ 1278378ms] [LOG] [tgoi] htmx:sseMessage type=cycle.done @ :20
[ 1278380ms] [LOG] [tgoi] sseMessage type: status @ :21
[ 1278380ms] [LOG] [tgoi] htmx:sseMessage type=status @ :20
[ 1346408ms] [LOG] [tgoi] sseMessage type: cycle.done @ :21
[ 1346408ms] [LOG] [tgoi] htmx:sseMessage type=cycle.done @ :20
[ 1346415ms] [LOG] [tgoi] sseMessage type: status @ :21
[ 1346416ms] [LOG] [tgoi] htmx:sseMessage type=status @ :20
[ 1354437ms] [LOG] [tgoi] sseMessage type: cycle.done @ :21
[ 1354437ms] [LOG] [tgoi] htmx:sseMessage type=cycle.done @ :20
[ 1354439ms] [LOG] [tgoi] sseMessage type: status @ :21
[ 1354439ms] [LOG] [tgoi] htmx:sseMessage type=status @ :20
[ 1422462ms] [LOG] [tgoi] sseMessage type: cycle.done @ :21
[ 1422462ms] [LOG] [tgoi] htmx:sseMessage type=cycle.done @ :20
[ 1422463ms] [LOG] [tgoi] sseMessage type: status @ :21
[ 1422463ms] [LOG] [tgoi] htmx:sseMessage type=status @ :20
[ 1430486ms] [LOG] [tgoi] sseMessage type: cycle.done @ :21
[ 1430486ms] [LOG] [tgoi] htmx:sseMessage type=cycle.done @ :20
[ 1430487ms] [LOG] [tgoi] sseMessage type: status @ :21
[ 1430487ms] [LOG] [tgoi] htmx:sseMessage type=status @ :20
[ 1498513ms] [LOG] [tgoi] sseMessage type: cycle.done @ :21
[ 1498513ms] [LOG] [tgoi] htmx:sseMessage type=cycle.done @ :20
[ 1498516ms] [LOG] [tgoi] sseMessage type: status @ :21
[ 1498516ms] [LOG] [tgoi] htmx:sseMessage type=status @ :20
[ 1506533ms] [LOG] [tgoi] sseMessage type: cycle.done @ :21
[ 1506533ms] [LOG] [tgoi] htmx:sseMessage type=cycle.done @ :20
[ 1506538ms] [LOG] [tgoi] sseMessage type: status @ :21
[ 1506538ms] [LOG] [tgoi] htmx:sseMessage type=status @ :20
[ 1574560ms] [LOG] [tgoi] sseMessage type: cycle.done @ :21
[ 1574560ms] [LOG] [tgoi] htmx:sseMessage type=cycle.done @ :20
[ 1574565ms] [LOG] [tgoi] sseMessage type: status @ :21
[ 1574565ms] [LOG] [tgoi] htmx:sseMessage type=status @ :20
[ 1582583ms] [LOG] [tgoi] sseMessage type: cycle.done @ :21
[ 1582584ms] [LOG] [tgoi] htmx:sseMessage type=cycle.done @ :20
[ 1582587ms] [LOG] [tgoi] sseMessage type: status @ :21
[ 1582587ms] [LOG] [tgoi] htmx:sseMessage type=status @ :20
[ 1647632ms] [LOG] [tgoi] sseMessage type: cycle.done @ :21
[ 1647632ms] [LOG] [tgoi] htmx:sseMessage type=cycle.done @ :20
[ 1647633ms] [LOG] [tgoi] sseMessage type: status @ :21
[ 1647633ms] [LOG] [tgoi] htmx:sseMessage type=status @ :20
[ 1647669ms] [LOG] [tgoi] sseMessage type: cycle.done @ :21
[ 1647670ms] [LOG] [tgoi] htmx:sseMessage type=cycle.done @ :20
[ 1647671ms] [LOG] [tgoi] sseMessage type: status @ :21
[ 1647671ms] [LOG] [tgoi] htmx:sseMessage type=status @ :20
[ 1707711ms] [LOG] [tgoi] sseMessage type: cycle.done @ :21
[ 1707711ms] [LOG] [tgoi] htmx:sseMessage type=cycle.done @ :20
[ 1707713ms] [LOG] [tgoi] sseMessage type: status @ :21
[ 1707713ms] [LOG] [tgoi] htmx:sseMessage type=status @ :20
[ 1707745ms] [LOG] [tgoi] sseMessage type: cycle.done @ :21
[ 1707745ms] [LOG] [tgoi] htmx:sseMessage type=cycle.done @ :20
[ 1707746ms] [LOG] [tgoi] sseMessage type: status @ :21
[ 1707746ms] [LOG] [tgoi] htmx:sseMessage type=status @ :20
[ 1767786ms] [LOG] [tgoi] sseMessage type: cycle.done @ :21
[ 1767787ms] [LOG] [tgoi] htmx:sseMessage type=cycle.done @ :20
[ 1767787ms] [LOG] [tgoi] sseMessage type: status @ :21
[ 1767787ms] [LOG] [tgoi] htmx:sseMessage type=status @ :20
[ 1767790ms] [LOG] [tgoi] SSE lot.new received! @ :19
[ 1767790ms] [LOG] [tgoi] sseMessage type: lot.new @ :21
[ 1767790ms] [LOG] [tgoi] htmx:sseMessage type=lot.new @ :20
[ 1767790ms] [LOG] [tgoi] lot.new RECEIVED! @ :23
[ 1767806ms] [LOG] [tgoi] SSE lot.new received! @ :19
[ 1767806ms] [LOG] [tgoi] sseMessage type: lot.new @ :21
[ 1767806ms] [LOG] [tgoi] htmx:sseMessage type=lot.new @ :20
[ 1767806ms] [LOG] [tgoi] lot.new RECEIVED! @ :23
[ 1767829ms] [LOG] [tgoi] sseMessage type: cycle.done @ :21
[ 1767829ms] [LOG] [tgoi] htmx:sseMessage type=cycle.done @ :20
[ 1767830ms] [LOG] [tgoi] sseMessage type: status @ :21
[ 1767830ms] [LOG] [tgoi] htmx:sseMessage type=status @ :20
[ 1827875ms] [LOG] [tgoi] sseMessage type: cycle.done @ :21
[ 1827875ms] [LOG] [tgoi] htmx:sseMessage type=cycle.done @ :20
[ 1827876ms] [LOG] [tgoi] sseMessage type: status @ :21
[ 1827877ms] [LOG] [tgoi] htmx:sseMessage type=status @ :20
[ 1827882ms] [LOG] [tgoi] SSE lot.new received! @ :19
[ 1827882ms] [LOG] [tgoi] sseMessage type: lot.new @ :21
[ 1827882ms] [LOG] [tgoi] htmx:sseMessage type=lot.new @ :20
[ 1827882ms] [LOG] [tgoi] lot.new RECEIVED! @ :23
[ 1827899ms] [LOG] [tgoi] SSE lot.new received! @ :19
[ 1827899ms] [LOG] [tgoi] sseMessage type: lot.new @ :21
[ 1827899ms] [LOG] [tgoi] htmx:sseMessage type=lot.new @ :20
[ 1827899ms] [LOG] [tgoi] lot.new RECEIVED! @ :23
[ 1827926ms] [LOG] [tgoi] sseMessage type: cycle.done @ :21
[ 1827926ms] [LOG] [tgoi] htmx:sseMessage type=cycle.done @ :20
[ 1827929ms] [LOG] [tgoi] sseMessage type: status @ :21
[ 1827929ms] [LOG] [tgoi] htmx:sseMessage type=status @ :20
[ 1887968ms] [LOG] [tgoi] sseMessage type: cycle.done @ :21
[ 1887968ms] [LOG] [tgoi] htmx:sseMessage type=cycle.done @ :20
[ 1887970ms] [LOG] [tgoi] sseMessage type: status @ :21
[ 1887970ms] [LOG] [tgoi] htmx:sseMessage type=status @ :20
[ 1888007ms] [LOG] [tgoi] sseMessage type: cycle.done @ :21
[ 1888007ms] [LOG] [tgoi] htmx:sseMessage type=cycle.done @ :20
[ 1888009ms] [LOG] [tgoi] sseMessage type: status @ :21
[ 1888009ms] [LOG] [tgoi] htmx:sseMessage type=status @ :20
[ 1948051ms] [LOG] [tgoi] sseMessage type: cycle.done @ :21
[ 1948052ms] [LOG] [tgoi] htmx:sseMessage type=cycle.done @ :20
[ 1948053ms] [LOG] [tgoi] sseMessage type: status @ :21
[ 1948053ms] [LOG] [tgoi] htmx:sseMessage type=status @ :20
[ 1948090ms] [LOG] [tgoi] sseMessage type: cycle.done @ :21
[ 1948090ms] [LOG] [tgoi] htmx:sseMessage type=cycle.done @ :20
[ 1948092ms] [LOG] [tgoi] sseMessage type: status @ :21
[ 1948092ms] [LOG] [tgoi] htmx:sseMessage type=status @ :20
[ 2008131ms] [LOG] [tgoi] sseMessage type: cycle.done @ :21
[ 2008131ms] [LOG] [tgoi] htmx:sseMessage type=cycle.done @ :20
[ 2008132ms] [LOG] [tgoi] sseMessage type: status @ :21
[ 2008132ms] [LOG] [tgoi] htmx:sseMessage type=status @ :20
[ 2008169ms] [LOG] [tgoi] sseMessage type: cycle.done @ :21
[ 2008169ms] [LOG] [tgoi] htmx:sseMessage type=cycle.done @ :20
[ 2008170ms] [LOG] [tgoi] sseMessage type: status @ :21
[ 2008170ms] [LOG] [tgoi] htmx:sseMessage type=status @ :20
[ 2068213ms] [LOG] [tgoi] sseMessage type: cycle.done @ :21
[ 2068213ms] [LOG] [tgoi] htmx:sseMessage type=cycle.done @ :20
[ 2068215ms] [LOG] [tgoi] sseMessage type: status @ :21
[ 2068215ms] [LOG] [tgoi] htmx:sseMessage type=status @ :20
[ 2068252ms] [LOG] [tgoi] sseMessage type: cycle.done @ :21
[ 2068252ms] [LOG] [tgoi] htmx:sseMessage type=cycle.done @ :20
[ 2068254ms] [LOG] [tgoi] sseMessage type: status @ :21
[ 2068254ms] [LOG] [tgoi] htmx:sseMessage type=status @ :20
[ 2128295ms] [LOG] [tgoi] sseMessage type: cycle.done @ :21
[ 2128295ms] [LOG] [tgoi] htmx:sseMessage type=cycle.done @ :20
[ 2128297ms] [LOG] [tgoi] sseMessage type: status @ :21
[ 2128297ms] [LOG] [tgoi] htmx:sseMessage type=status @ :20
[ 2128332ms] [LOG] [tgoi] sseMessage type: cycle.done @ :21
[ 2128333ms] [LOG] [tgoi] htmx:sseMessage type=cycle.done @ :20
[ 2128334ms] [LOG] [tgoi] sseMessage type: status @ :21
[ 2128334ms] [LOG] [tgoi] htmx:sseMessage type=status @ :20
[ 2188371ms] [LOG] [tgoi] sseMessage type: cycle.done @ :21
[ 2188371ms] [LOG] [tgoi] htmx:sseMessage type=cycle.done @ :20
[ 2188372ms] [LOG] [tgoi] sseMessage type: status @ :21
[ 2188372ms] [LOG] [tgoi] htmx:sseMessage type=status @ :20
[ 2188410ms] [LOG] [tgoi] sseMessage type: cycle.done @ :21
[ 2188411ms] [LOG] [tgoi] htmx:sseMessage type=cycle.done @ :20
[ 2188411ms] [LOG] [tgoi] sseMessage type: status @ :21
[ 2188411ms] [LOG] [tgoi] htmx:sseMessage type=status @ :20
[ 2248453ms] [LOG] [tgoi] sseMessage type: cycle.done @ :21
[ 2248453ms] [LOG] [tgoi] htmx:sseMessage type=cycle.done @ :20
[ 2248454ms] [LOG] [tgoi] sseMessage type: status @ :21
[ 2248454ms] [LOG] [tgoi] htmx:sseMessage type=status @ :20
[ 2248489ms] [LOG] [tgoi] sseMessage type: cycle.done @ :21
[ 2248489ms] [LOG] [tgoi] htmx:sseMessage type=cycle.done @ :20
[ 2248490ms] [LOG] [tgoi] sseMessage type: status @ :21
[ 2248490ms] [LOG] [tgoi] htmx:sseMessage type=status @ :20
[ 2308530ms] [LOG] [tgoi] sseMessage type: cycle.done @ :21
[ 2308530ms] [LOG] [tgoi] htmx:sseMessage type=cycle.done @ :20
[ 2308531ms] [LOG] [tgoi] sseMessage type: status @ :21
[ 2308531ms] [LOG] [tgoi] htmx:sseMessage type=status @ :20
[ 2308567ms] [LOG] [tgoi] sseMessage type: cycle.done @ :21
[ 2308567ms] [LOG] [tgoi] htmx:sseMessage type=cycle.done @ :20
[ 2308568ms] [LOG] [tgoi] sseMessage type: status @ :21
[ 2308568ms] [LOG] [tgoi] htmx:sseMessage type=status @ :20
[ 2368611ms] [LOG] [tgoi] sseMessage type: cycle.done @ :21
[ 2368611ms] [LOG] [tgoi] htmx:sseMessage type=cycle.done @ :20
[ 2368613ms] [LOG] [tgoi] sseMessage type: status @ :21
[ 2368613ms] [LOG] [tgoi] htmx:sseMessage type=status @ :20
[ 2368652ms] [LOG] [tgoi] sseMessage type: cycle.done @ :21
[ 2368652ms] [LOG] [tgoi] htmx:sseMessage type=cycle.done @ :20
[ 2368652ms] [LOG] [tgoi] sseMessage type: status @ :21
[ 2368652ms] [LOG] [tgoi] htmx:sseMessage type=status @ :20
[ 2428696ms] [LOG] [tgoi] sseMessage type: cycle.done @ :21
[ 2428696ms] [LOG] [tgoi] htmx:sseMessage type=cycle.done @ :20
[ 2428697ms] [LOG] [tgoi] sseMessage type: status @ :21
[ 2428697ms] [LOG] [tgoi] htmx:sseMessage type=status @ :20
[ 2428735ms] [LOG] [tgoi] sseMessage type: cycle.done @ :21
[ 2428735ms] [LOG] [tgoi] htmx:sseMessage type=cycle.done @ :20
[ 2428735ms] [LOG] [tgoi] sseMessage type: status @ :21
[ 2428735ms] [LOG] [tgoi] htmx:sseMessage type=status @ :20
[ 2488778ms] [LOG] [tgoi] sseMessage type: cycle.done @ :21
[ 2488778ms] [LOG] [tgoi] htmx:sseMessage type=cycle.done @ :20
[ 2488779ms] [LOG] [tgoi] sseMessage type: status @ :21
[ 2488779ms] [LOG] [tgoi] htmx:sseMessage type=status @ :20
[ 2488814ms] [LOG] [tgoi] sseMessage type: cycle.done @ :21
[ 2488814ms] [LOG] [tgoi] htmx:sseMessage type=cycle.done @ :20
[ 2488815ms] [LOG] [tgoi] sseMessage type: status @ :21
[ 2488815ms] [LOG] [tgoi] htmx:sseMessage type=status @ :20
[ 2548862ms] [LOG] [tgoi] sseMessage type: cycle.done @ :21
[ 2548862ms] [LOG] [tgoi] htmx:sseMessage type=cycle.done @ :20
[ 2548864ms] [LOG] [tgoi] sseMessage type: status @ :21
[ 2548864ms] [LOG] [tgoi] htmx:sseMessage type=status @ :20
[ 2548872ms] [LOG] [tgoi] SSE lot.new received! @ :19
[ 2548872ms] [LOG] [tgoi] sseMessage type: lot.new @ :21
[ 2548872ms] [LOG] [tgoi] htmx:sseMessage type=lot.new @ :20
[ 2548872ms] [LOG] [tgoi] lot.new RECEIVED! @ :23
[ 2548902ms] [LOG] [tgoi] SSE lot.new received! @ :19
[ 2548902ms] [LOG] [tgoi] sseMessage type: lot.new @ :21
[ 2548902ms] [LOG] [tgoi] htmx:sseMessage type=lot.new @ :20
[ 2548902ms] [LOG] [tgoi] lot.new RECEIVED! @ :23
[ 2548914ms] [LOG] [tgoi] sseMessage type: cycle.done @ :21
[ 2548914ms] [LOG] [tgoi] htmx:sseMessage type=cycle.done @ :20
[ 2548914ms] [LOG] [tgoi] sseMessage type: status @ :21
[ 2548914ms] [LOG] [tgoi] htmx:sseMessage type=status @ :20
[ 2608960ms] [LOG] [tgoi] sseMessage type: cycle.done @ :21
[ 2608961ms] [LOG] [tgoi] htmx:sseMessage type=cycle.done @ :20
[ 2608961ms] [LOG] [tgoi] sseMessage type: status @ :21
[ 2608961ms] [LOG] [tgoi] htmx:sseMessage type=status @ :20
[ 2609001ms] [LOG] [tgoi] sseMessage type: cycle.done @ :21
[ 2609001ms] [LOG] [tgoi] htmx:sseMessage type=cycle.done @ :20
[ 2609001ms] [LOG] [tgoi] sseMessage type: status @ :21
[ 2609002ms] [LOG] [tgoi] htmx:sseMessage type=status @ :20
[ 2669055ms] [LOG] [tgoi] sseMessage type: cycle.done @ :21
[ 2669055ms] [LOG] [tgoi] htmx:sseMessage type=cycle.done @ :20
[ 2669056ms] [LOG] [tgoi] sseMessage type: status @ :21
[ 2669056ms] [LOG] [tgoi] htmx:sseMessage type=status @ :20
[ 2669063ms] [LOG] [tgoi] SSE lot.new received! @ :19
[ 2669063ms] [LOG] [tgoi] sseMessage type: lot.new @ :21
[ 2669063ms] [LOG] [tgoi] htmx:sseMessage type=lot.new @ :20
[ 2669063ms] [LOG] [tgoi] lot.new RECEIVED! @ :23
[ 2669066ms] [LOG] [tgoi] SSE lot.new received! @ :19
[ 2669066ms] [LOG] [tgoi] sseMessage type: lot.new @ :21
[ 2669066ms] [LOG] [tgoi] htmx:sseMessage type=lot.new @ :20
[ 2669066ms] [LOG] [tgoi] lot.new RECEIVED! @ :23
[ 2669108ms] [LOG] [tgoi] sseMessage type: cycle.done @ :21
[ 2669108ms] [LOG] [tgoi] htmx:sseMessage type=cycle.done @ :20
[ 2669109ms] [LOG] [tgoi] sseMessage type: status @ :21
[ 2669109ms] [LOG] [tgoi] htmx:sseMessage type=status @ :20
[ 2729163ms] [LOG] [tgoi] sseMessage type: cycle.done @ :21
[ 2729163ms] [LOG] [tgoi] htmx:sseMessage type=cycle.done @ :20
[ 2729163ms] [LOG] [tgoi] sseMessage type: status @ :21
[ 2729163ms] [LOG] [tgoi] htmx:sseMessage type=status @ :20
[ 2729210ms] [LOG] [tgoi] sseMessage type: cycle.done @ :21
[ 2729210ms] [LOG] [tgoi] htmx:sseMessage type=cycle.done @ :20
[ 2729211ms] [LOG] [tgoi] sseMessage type: status @ :21
[ 2729211ms] [LOG] [tgoi] htmx:sseMessage type=status @ :20
[ 2789259ms] [LOG] [tgoi] sseMessage type: cycle.done @ :21
[ 2789259ms] [LOG] [tgoi] htmx:sseMessage type=cycle.done @ :20
[ 2789260ms] [LOG] [tgoi] sseMessage type: status @ :21
[ 2789260ms] [LOG] [tgoi] htmx:sseMessage type=status @ :20
[ 2789303ms] [LOG] [tgoi] sseMessage type: cycle.done @ :21
[ 2789303ms] [LOG] [tgoi] htmx:sseMessage type=cycle.done @ :20
[ 2789304ms] [LOG] [tgoi] sseMessage type: status @ :21
[ 2789305ms] [LOG] [tgoi] htmx:sseMessage type=status @ :20
[ 2849351ms] [LOG] [tgoi] sseMessage type: cycle.done @ :21
[ 2849351ms] [LOG] [tgoi] htmx:sseMessage type=cycle.done @ :20
[ 2849356ms] [LOG] [tgoi] sseMessage type: status @ :21
[ 2849356ms] [LOG] [tgoi] htmx:sseMessage type=status @ :20
[ 2849398ms] [LOG] [tgoi] sseMessage type: cycle.done @ :21
[ 2849399ms] [LOG] [tgoi] htmx:sseMessage type=cycle.done @ :20
[ 2849399ms] [LOG] [tgoi] sseMessage type: status @ :21
[ 2849399ms] [LOG] [tgoi] htmx:sseMessage type=status @ :20
[ 2909447ms] [LOG] [tgoi] sseMessage type: cycle.done @ :21
[ 2909447ms] [LOG] [tgoi] htmx:sseMessage type=cycle.done @ :20
[ 2909448ms] [LOG] [tgoi] sseMessage type: status @ :21
[ 2909448ms] [LOG] [tgoi] htmx:sseMessage type=status @ :20
[ 2909494ms] [LOG] [tgoi] sseMessage type: cycle.done @ :21
[ 2909494ms] [LOG] [tgoi] htmx:sseMessage type=cycle.done @ :20
[ 2909494ms] [LOG] [tgoi] sseMessage type: status @ :21
[ 2909494ms] [LOG] [tgoi] htmx:sseMessage type=status @ :20
[ 2969542ms] [LOG] [tgoi] sseMessage type: cycle.done @ :21
[ 2969542ms] [LOG] [tgoi] htmx:sseMessage type=cycle.done @ :20
[ 2969543ms] [LOG] [tgoi] sseMessage type: status @ :21
[ 2969543ms] [LOG] [tgoi] htmx:sseMessage type=status @ :20
[ 2969587ms] [LOG] [tgoi] sseMessage type: cycle.done @ :21
[ 2969587ms] [LOG] [tgoi] htmx:sseMessage type=cycle.done @ :20
[ 2969588ms] [LOG] [tgoi] sseMessage type: status @ :21
[ 2969588ms] [LOG] [tgoi] htmx:sseMessage type=status @ :20
[ 3029635ms] [LOG] [tgoi] sseMessage type: cycle.done @ :21
[ 3029635ms] [LOG] [tgoi] htmx:sseMessage type=cycle.done @ :20
[ 3029637ms] [LOG] [tgoi] sseMessage type: status @ :21
[ 3029637ms] [LOG] [tgoi] htmx:sseMessage type=status @ :20
[ 3029681ms] [LOG] [tgoi] sseMessage type: cycle.done @ :21
[ 3029681ms] [LOG] [tgoi] htmx:sseMessage type=cycle.done @ :20
[ 3029682ms] [LOG] [tgoi] sseMessage type: status @ :21
[ 3029682ms] [LOG] [tgoi] htmx:sseMessage type=status @ :20
[ 3089730ms] [LOG] [tgoi] sseMessage type: cycle.done @ :21
[ 3089730ms] [LOG] [tgoi] htmx:sseMessage type=cycle.done @ :20
[ 3089732ms] [LOG] [tgoi] sseMessage type: status @ :21
[ 3089732ms] [LOG] [tgoi] htmx:sseMessage type=status @ :20
[ 3089777ms] [LOG] [tgoi] sseMessage type: cycle.done @ :21
[ 3089778ms] [LOG] [tgoi] htmx:sseMessage type=cycle.done @ :20
[ 3089778ms] [LOG] [tgoi] sseMessage type: status @ :21
[ 3089778ms] [LOG] [tgoi] htmx:sseMessage type=status @ :20
[ 3152796ms] [LOG] [tgoi] sseMessage type: cycle.done @ :21
[ 3152796ms] [LOG] [tgoi] htmx:sseMessage type=cycle.done @ :20
[ 3152798ms] [LOG] [tgoi] sseMessage type: status @ :21
[ 3152798ms] [LOG] [tgoi] htmx:sseMessage type=status @ :20
[ 3160817ms] [LOG] [tgoi] sseMessage type: cycle.done @ :21
[ 3160818ms] [LOG] [tgoi] htmx:sseMessage type=cycle.done @ :20
[ 3160819ms] [LOG] [tgoi] sseMessage type: status @ :21
[ 3160819ms] [LOG] [tgoi] htmx:sseMessage type=status @ :20
[ 3228837ms] [LOG] [tgoi] sseMessage type: cycle.done @ :21
[ 3228837ms] [LOG] [tgoi] htmx:sseMessage type=cycle.done @ :20
[ 3228840ms] [LOG] [tgoi] sseMessage type: status @ :21
[ 3228840ms] [LOG] [tgoi] htmx:sseMessage type=status @ :20
[ 3236857ms] [LOG] [tgoi] sseMessage type: cycle.done @ :21
[ 3236857ms] [LOG] [tgoi] htmx:sseMessage type=cycle.done @ :20
[ 3236858ms] [LOG] [tgoi] sseMessage type: status @ :21
[ 3236858ms] [LOG] [tgoi] htmx:sseMessage type=status @ :20
[ 3304879ms] [LOG] [tgoi] sseMessage type: cycle.done @ :21
[ 3304879ms] [LOG] [tgoi] htmx:sseMessage type=cycle.done @ :20
[ 3304880ms] [LOG] [tgoi] sseMessage type: status @ :21
[ 3304880ms] [LOG] [tgoi] htmx:sseMessage type=status @ :20
[ 3312898ms] [LOG] [tgoi] sseMessage type: cycle.done @ :21
[ 3312899ms] [LOG] [tgoi] htmx:sseMessage type=cycle.done @ :20
[ 3312903ms] [LOG] [tgoi] sseMessage type: status @ :21
[ 3312903ms] [LOG] [tgoi] htmx:sseMessage type=status @ :20
[ 3380923ms] [LOG] [tgoi] sseMessage type: cycle.done @ :21
[ 3380923ms] [LOG] [tgoi] htmx:sseMessage type=cycle.done @ :20
[ 3380927ms] [LOG] [tgoi] sseMessage type: status @ :21
[ 3380927ms] [LOG] [tgoi] htmx:sseMessage type=status @ :20
[ 3388946ms] [LOG] [tgoi] sseMessage type: cycle.done @ :21
[ 3388946ms] [LOG] [tgoi] htmx:sseMessage type=cycle.done @ :20
[ 3388947ms] [LOG] [tgoi] sseMessage type: status @ :21
[ 3388947ms] [LOG] [tgoi] htmx:sseMessage type=status @ :20
[ 3456968ms] [LOG] [tgoi] sseMessage type: cycle.done @ :21
[ 3456968ms] [LOG] [tgoi] htmx:sseMessage type=cycle.done @ :20
[ 3456973ms] [LOG] [tgoi] sseMessage type: status @ :21
[ 3456973ms] [LOG] [tgoi] htmx:sseMessage type=status @ :20
[ 3464990ms] [LOG] [tgoi] sseMessage type: cycle.done @ :21
[ 3464990ms] [LOG] [tgoi] htmx:sseMessage type=cycle.done @ :20
[ 3464990ms] [LOG] [tgoi] sseMessage type: status @ :21
[ 3464991ms] [LOG] [tgoi] htmx:sseMessage type=status @ :20
[ 3533010ms] [LOG] [tgoi] sseMessage type: cycle.done @ :21
[ 3533010ms] [LOG] [tgoi] htmx:sseMessage type=cycle.done @ :20
[ 3533018ms] [LOG] [tgoi] sseMessage type: status @ :21
[ 3533018ms] [LOG] [tgoi] htmx:sseMessage type=status @ :20
[ 3541032ms] [LOG] [tgoi] sseMessage type: cycle.done @ :21
[ 3541033ms] [LOG] [tgoi] htmx:sseMessage type=cycle.done @ :20
[ 3541033ms] [LOG] [tgoi] sseMessage type: status @ :21
[ 3541033ms] [LOG] [tgoi] htmx:sseMessage type=status @ :20
[ 3609054ms] [LOG] [tgoi] sseMessage type: cycle.done @ :21
[ 3609054ms] [LOG] [tgoi] htmx:sseMessage type=cycle.done @ :20
[ 3609056ms] [LOG] [tgoi] sseMessage type: status @ :21
[ 3609056ms] [LOG] [tgoi] htmx:sseMessage type=status @ :20
[ 3617078ms] [LOG] [tgoi] sseMessage type: cycle.done @ :21
[ 3617078ms] [LOG] [tgoi] htmx:sseMessage type=cycle.done @ :20
[ 3617080ms] [LOG] [tgoi] sseMessage type: status @ :21
[ 3617081ms] [LOG] [tgoi] htmx:sseMessage type=status @ :20
[ 3685101ms] [LOG] [tgoi] sseMessage type: cycle.done @ :21
[ 3685101ms] [LOG] [tgoi] htmx:sseMessage type=cycle.done @ :20
[ 3685106ms] [LOG] [tgoi] sseMessage type: status @ :21
[ 3685107ms] [LOG] [tgoi] htmx:sseMessage type=status @ :20
[ 3693122ms] [LOG] [tgoi] sseMessage type: cycle.done @ :21
[ 3693123ms] [LOG] [tgoi] htmx:sseMessage type=cycle.done @ :20
[ 3693124ms] [LOG] [tgoi] sseMessage type: status @ :21
[ 3693124ms] [LOG] [tgoi] htmx:sseMessage type=status @ :20
[ 3761144ms] [LOG] [tgoi] sseMessage type: cycle.done @ :21
[ 3761144ms] [LOG] [tgoi] htmx:sseMessage type=cycle.done @ :20
[ 3761146ms] [LOG] [tgoi] sseMessage type: status @ :21
[ 3761146ms] [LOG] [tgoi] htmx:sseMessage type=status @ :20
[ 3769164ms] [LOG] [tgoi] sseMessage type: cycle.done @ :21
[ 3769164ms] [LOG] [tgoi] htmx:sseMessage type=cycle.done @ :20
[ 3769165ms] [LOG] [tgoi] sseMessage type: status @ :21
[ 3769165ms] [LOG] [tgoi] htmx:sseMessage type=status @ :20
[ 3834215ms] [LOG] [tgoi] sseMessage type: cycle.done @ :21
[ 3834216ms] [LOG] [tgoi] htmx:sseMessage type=cycle.done @ :20
[ 3834218ms] [LOG] [tgoi] sseMessage type: status @ :21
[ 3834218ms] [LOG] [tgoi] htmx:sseMessage type=status @ :20
[ 3834261ms] [LOG] [tgoi] sseMessage type: cycle.done @ :21
[ 3834261ms] [LOG] [tgoi] htmx:sseMessage type=cycle.done @ :20
[ 3834261ms] [LOG] [tgoi] sseMessage type: status @ :21
[ 3834261ms] [LOG] [tgoi] htmx:sseMessage type=status @ :20
[ 3894305ms] [LOG] [tgoi] sseMessage type: cycle.done @ :21
[ 3894305ms] [LOG] [tgoi] htmx:sseMessage type=cycle.done @ :20
[ 3894307ms] [LOG] [tgoi] sseMessage type: status @ :21
[ 3894307ms] [LOG] [tgoi] htmx:sseMessage type=status @ :20
[ 3894315ms] [LOG] [tgoi] SSE lot.new received! @ :19
[ 3894315ms] [LOG] [tgoi] sseMessage type: lot.new @ :21
[ 3894315ms] [LOG] [tgoi] htmx:sseMessage type=lot.new @ :20
[ 3894315ms] [LOG] [tgoi] lot.new RECEIVED! @ :23
[ 3894343ms] [LOG] [tgoi] SSE lot.new received! @ :19
[ 3894343ms] [LOG] [tgoi] sseMessage type: lot.new @ :21
[ 3894343ms] [LOG] [tgoi] htmx:sseMessage type=lot.new @ :20
[ 3894343ms] [LOG] [tgoi] lot.new RECEIVED! @ :23
[ 3894358ms] [LOG] [tgoi] sseMessage type: cycle.done @ :21
[ 3894358ms] [LOG] [tgoi] htmx:sseMessage type=cycle.done @ :20
[ 3894359ms] [LOG] [tgoi] sseMessage type: status @ :21
[ 3894359ms] [LOG] [tgoi] htmx:sseMessage type=status @ :20
[ 3954406ms] [LOG] [tgoi] sseMessage type: cycle.done @ :21
[ 3954406ms] [LOG] [tgoi] htmx:sseMessage type=cycle.done @ :20
[ 3954408ms] [LOG] [tgoi] sseMessage type: status @ :21
[ 3954408ms] [LOG] [tgoi] htmx:sseMessage type=status @ :20
[ 3954412ms] [LOG] [tgoi] SSE lot.new received! @ :19
[ 3954412ms] [LOG] [tgoi] sseMessage type: lot.new @ :21
[ 3954412ms] [LOG] [tgoi] htmx:sseMessage type=lot.new @ :20
[ 3954413ms] [LOG] [tgoi] lot.new RECEIVED! @ :23
[ 3954415ms] [LOG] [tgoi] SSE lot.new received! @ :19
[ 3954415ms] [LOG] [tgoi] sseMessage type: lot.new @ :21
[ 3954415ms] [LOG] [tgoi] htmx:sseMessage type=lot.new @ :20
[ 3954415ms] [LOG] [tgoi] lot.new RECEIVED! @ :23
[ 3954462ms] [LOG] [tgoi] sseMessage type: cycle.done @ :21
[ 3954462ms] [LOG] [tgoi] htmx:sseMessage type=cycle.done @ :20
[ 3954464ms] [LOG] [tgoi] sseMessage type: status @ :21
[ 3954464ms] [LOG] [tgoi] htmx:sseMessage type=status @ :20
[ 4014515ms] [LOG] [tgoi] sseMessage type: cycle.done @ :21
[ 4014515ms] [LOG] [tgoi] htmx:sseMessage type=cycle.done @ :20
[ 4014517ms] [LOG] [tgoi] sseMessage type: status @ :21
[ 4014517ms] [LOG] [tgoi] htmx:sseMessage type=status @ :20
[ 4014564ms] [LOG] [tgoi] sseMessage type: cycle.done @ :21
[ 4014564ms] [LOG] [tgoi] htmx:sseMessage type=cycle.done @ :20
[ 4014566ms] [LOG] [tgoi] sseMessage type: status @ :21
[ 4014566ms] [LOG] [tgoi] htmx:sseMessage type=status @ :20
[ 4074622ms] [LOG] [tgoi] sseMessage type: cycle.done @ :21
[ 4074622ms] [LOG] [tgoi] htmx:sseMessage type=cycle.done @ :20
[ 4074623ms] [LOG] [tgoi] sseMessage type: status @ :21
[ 4074623ms] [LOG] [tgoi] htmx:sseMessage type=status @ :20
[ 4074668ms] [LOG] [tgoi] sseMessage type: cycle.done @ :21
[ 4074668ms] [LOG] [tgoi] htmx:sseMessage type=cycle.done @ :20
[ 4074668ms] [LOG] [tgoi] sseMessage type: status @ :21
[ 4074668ms] [LOG] [tgoi] htmx:sseMessage type=status @ :20
[ 4134722ms] [LOG] [tgoi] sseMessage type: cycle.done @ :21
[ 4134722ms] [LOG] [tgoi] htmx:sseMessage type=cycle.done @ :20
[ 4134724ms] [LOG] [tgoi] sseMessage type: status @ :21
[ 4134724ms] [LOG] [tgoi] htmx:sseMessage type=status @ :20
[ 4134773ms] [LOG] [tgoi] sseMessage type: cycle.done @ :21
[ 4134773ms] [LOG] [tgoi] htmx:sseMessage type=cycle.done @ :20
[ 4134774ms] [LOG] [tgoi] sseMessage type: status @ :21
[ 4134774ms] [LOG] [tgoi] htmx:sseMessage type=status @ :20
[ 4194822ms] [LOG] [tgoi] sseMessage type: cycle.done @ :21
[ 4194822ms] [LOG] [tgoi] htmx:sseMessage type=cycle.done @ :20
[ 4194823ms] [LOG] [tgoi] sseMessage type: status @ :21
[ 4194823ms] [LOG] [tgoi] htmx:sseMessage type=status @ :20
[ 4194867ms] [LOG] [tgoi] sseMessage type: cycle.done @ :21
[ 4194867ms] [LOG] [tgoi] htmx:sseMessage type=cycle.done @ :20
[ 4194868ms] [LOG] [tgoi] sseMessage type: status @ :21
[ 4194868ms] [LOG] [tgoi] htmx:sseMessage type=status @ :20
[ 4254918ms] [LOG] [tgoi] sseMessage type: cycle.done @ :21
[ 4254918ms] [LOG] [tgoi] htmx:sseMessage type=cycle.done @ :20
[ 4254919ms] [LOG] [tgoi] sseMessage type: status @ :21
[ 4254919ms] [LOG] [tgoi] htmx:sseMessage type=status @ :20
[ 4254964ms] [LOG] [tgoi] sseMessage type: cycle.done @ :21
[ 4254964ms] [LOG] [tgoi] htmx:sseMessage type=cycle.done @ :20
[ 4254965ms] [LOG] [tgoi] sseMessage type: status @ :21
[ 4254965ms] [LOG] [tgoi] htmx:sseMessage type=status @ :20
[ 4315018ms] [LOG] [tgoi] sseMessage type: cycle.done @ :21
[ 4315018ms] [LOG] [tgoi] htmx:sseMessage type=cycle.done @ :20
[ 4315018ms] [LOG] [tgoi] sseMessage type: status @ :21
[ 4315019ms] [LOG] [tgoi] htmx:sseMessage type=status @ :20
[ 4315063ms] [LOG] [tgoi] sseMessage type: cycle.done @ :21
[ 4315064ms] [LOG] [tgoi] htmx:sseMessage type=cycle.done @ :20
[ 4315064ms] [LOG] [tgoi] sseMessage type: status @ :21
[ 4315064ms] [LOG] [tgoi] htmx:sseMessage type=status @ :20
[ 4375122ms] [LOG] [tgoi] sseMessage type: cycle.done @ :21
[ 4375122ms] [LOG] [tgoi] htmx:sseMessage type=cycle.done @ :20
[ 4375122ms] [LOG] [tgoi] sseMessage type: status @ :21
[ 4375122ms] [LOG] [tgoi] htmx:sseMessage type=status @ :20
[ 4375168ms] [LOG] [tgoi] sseMessage type: cycle.done @ :21
[ 4375168ms] [LOG] [tgoi] htmx:sseMessage type=cycle.done @ :20
[ 4375169ms] [LOG] [tgoi] sseMessage type: status @ :21
[ 4375169ms] [LOG] [tgoi] htmx:sseMessage type=status @ :20
[ 4435229ms] [LOG] [tgoi] sseMessage type: cycle.done @ :21
[ 4435229ms] [LOG] [tgoi] htmx:sseMessage type=cycle.done @ :20
[ 4435230ms] [LOG] [tgoi] sseMessage type: status @ :21
[ 4435231ms] [LOG] [tgoi] htmx:sseMessage type=status @ :20
[ 4435275ms] [LOG] [tgoi] sseMessage type: cycle.done @ :21
[ 4435275ms] [LOG] [tgoi] htmx:sseMessage type=cycle.done @ :20
[ 4435275ms] [LOG] [tgoi] sseMessage type: status @ :21
[ 4435276ms] [LOG] [tgoi] htmx:sseMessage type=status @ :20
[ 4495289ms] [LOG] [tgoi] sseMessage type: cycle.done @ :21
[ 4495289ms] [LOG] [tgoi] htmx:sseMessage type=cycle.done @ :20
[ 4495289ms] [LOG] [tgoi] sseMessage type: status @ :21
[ 4495289ms] [LOG] [tgoi] htmx:sseMessage type=status @ :20
[ 4495300ms] [LOG] [tgoi] sseMessage type: cycle.done @ :21
[ 4495300ms] [LOG] [tgoi] htmx:sseMessage type=cycle.done @ :20
[ 4495301ms] [LOG] [tgoi] sseMessage type: status @ :21
[ 4495301ms] [LOG] [tgoi] htmx:sseMessage type=status @ :20
[ 4555317ms] [LOG] [tgoi] sseMessage type: cycle.done @ :21
[ 4555317ms] [LOG] [tgoi] htmx:sseMessage type=cycle.done @ :20
[ 4555320ms] [LOG] [tgoi] sseMessage type: status @ :21
[ 4555320ms] [LOG] [tgoi] htmx:sseMessage type=status @ :20
[ 4555322ms] [LOG] [tgoi] SSE lot.new received! @ :19
[ 4555322ms] [LOG] [tgoi] sseMessage type: lot.new @ :21
[ 4555322ms] [LOG] [tgoi] htmx:sseMessage type=lot.new @ :20
[ 4555322ms] [LOG] [tgoi] lot.new RECEIVED! @ :23
[ 4555339ms] [LOG] [tgoi] sseMessage type: cycle.done @ :21
[ 4555340ms] [LOG] [tgoi] htmx:sseMessage type=cycle.done @ :20
[ 4555340ms] [LOG] [tgoi] sseMessage type: status @ :21
[ 4555340ms] [LOG] [tgoi] htmx:sseMessage type=status @ :20
[ 4615353ms] [LOG] [tgoi] sseMessage type: cycle.done @ :21
[ 4615353ms] [LOG] [tgoi] htmx:sseMessage type=cycle.done @ :20
[ 4615354ms] [LOG] [tgoi] sseMessage type: status @ :21
[ 4615355ms] [LOG] [tgoi] htmx:sseMessage type=status @ :20
[ 4615368ms] [LOG] [tgoi] sseMessage type: cycle.done @ :21
[ 4615368ms] [LOG] [tgoi] htmx:sseMessage type=cycle.done @ :20
[ 4615370ms] [LOG] [tgoi] sseMessage type: status @ :21
[ 4615370ms] [LOG] [tgoi] htmx:sseMessage type=status @ :20
[ 4675385ms] [LOG] [tgoi] sseMessage type: cycle.done @ :21
[ 4675385ms] [LOG] [tgoi] htmx:sseMessage type=cycle.done @ :20
[ 4675387ms] [LOG] [tgoi] sseMessage type: status @ :21
[ 4675388ms] [LOG] [tgoi] htmx:sseMessage type=status @ :20
[ 4675398ms] [LOG] [tgoi] sseMessage type: cycle.done @ :21
[ 4675398ms] [LOG] [tgoi] htmx:sseMessage type=cycle.done @ :20
[ 4675399ms] [LOG] [tgoi] sseMessage type: status @ :21
[ 4675399ms] [LOG] [tgoi] htmx:sseMessage type=status @ :20
[ 4735416ms] [LOG] [tgoi] sseMessage type: cycle.done @ :21
[ 4735416ms] [LOG] [tgoi] htmx:sseMessage type=cycle.done @ :20
[ 4735417ms] [LOG] [tgoi] sseMessage type: status @ :21
[ 4735417ms] [LOG] [tgoi] htmx:sseMessage type=status @ :20
[ 4735433ms] [LOG] [tgoi] sseMessage type: cycle.done @ :21
[ 4735433ms] [LOG] [tgoi] htmx:sseMessage type=cycle.done @ :20
[ 4735434ms] [LOG] [tgoi] sseMessage type: status @ :21
[ 4735434ms] [LOG] [tgoi] htmx:sseMessage type=status @ :20
[ 4795452ms] [LOG] [tgoi] sseMessage type: cycle.done @ :21
[ 4795452ms] [LOG] [tgoi] htmx:sseMessage type=cycle.done @ :20
[ 4795454ms] [LOG] [tgoi] sseMessage type: status @ :21
[ 4795454ms] [LOG] [tgoi] htmx:sseMessage type=status @ :20
[ 4795470ms] [LOG] [tgoi] sseMessage type: cycle.done @ :21
[ 4795471ms] [LOG] [tgoi] htmx:sseMessage type=cycle.done @ :20
[ 4795471ms] [LOG] [tgoi] sseMessage type: status @ :21
[ 4795471ms] [LOG] [tgoi] htmx:sseMessage type=status @ :20
[ 4855488ms] [LOG] [tgoi] sseMessage type: cycle.done @ :21
[ 4855488ms] [LOG] [tgoi] htmx:sseMessage type=cycle.done @ :20
[ 4855489ms] [LOG] [tgoi] sseMessage type: status @ :21
[ 4855489ms] [LOG] [tgoi] htmx:sseMessage type=status @ :20
[ 4855505ms] [LOG] [tgoi] sseMessage type: cycle.done @ :21
[ 4855505ms] [LOG] [tgoi] htmx:sseMessage type=cycle.done @ :20
[ 4855508ms] [LOG] [tgoi] sseMessage type: status @ :21
[ 4855508ms] [LOG] [tgoi] htmx:sseMessage type=status @ :20
[ 4915524ms] [LOG] [tgoi] sseMessage type: cycle.done @ :21
[ 4915524ms] [LOG] [tgoi] htmx:sseMessage type=cycle.done @ :20
[ 4915524ms] [LOG] [tgoi] sseMessage type: status @ :21
[ 4915525ms] [LOG] [tgoi] htmx:sseMessage type=status @ :20
[ 4915541ms] [LOG] [tgoi] sseMessage type: cycle.done @ :21
[ 4915541ms] [LOG] [tgoi] htmx:sseMessage type=cycle.done @ :20
[ 4915542ms] [LOG] [tgoi] sseMessage type: status @ :21
[ 4915542ms] [LOG] [tgoi] htmx:sseMessage type=status @ :20
[ 4975560ms] [LOG] [tgoi] sseMessage type: cycle.done @ :21
[ 4975560ms] [LOG] [tgoi] htmx:sseMessage type=cycle.done @ :20
[ 4975561ms] [LOG] [tgoi] sseMessage type: status @ :21
[ 4975561ms] [LOG] [tgoi] htmx:sseMessage type=status @ :20
[ 4975577ms] [LOG] [tgoi] sseMessage type: cycle.done @ :21
[ 4975578ms] [LOG] [tgoi] htmx:sseMessage type=cycle.done @ :20
[ 4975579ms] [LOG] [tgoi] sseMessage type: status @ :21
[ 4975579ms] [LOG] [tgoi] htmx:sseMessage type=status @ :20
[ 5035597ms] [LOG] [tgoi] sseMessage type: cycle.done @ :21
[ 5035598ms] [LOG] [tgoi] htmx:sseMessage type=cycle.done @ :20
[ 5035600ms] [LOG] [tgoi] sseMessage type: status @ :21
[ 5035601ms] [LOG] [tgoi] htmx:sseMessage type=status @ :20
[ 5035614ms] [LOG] [tgoi] sseMessage type: cycle.done @ :21
[ 5035614ms] [LOG] [tgoi] htmx:sseMessage type=cycle.done @ :20
[ 5035614ms] [LOG] [tgoi] sseMessage type: status @ :21
[ 5035614ms] [LOG] [tgoi] htmx:sseMessage type=status @ :20
[ 5095632ms] [LOG] [tgoi] sseMessage type: cycle.done @ :21
[ 5095632ms] [LOG] [tgoi] htmx:sseMessage type=cycle.done @ :20
[ 5095632ms] [LOG] [tgoi] sseMessage type: status @ :21
[ 5095632ms] [LOG] [tgoi] htmx:sseMessage type=status @ :20
[ 5095648ms] [LOG] [tgoi] sseMessage type: cycle.done @ :21
[ 5095648ms] [LOG] [tgoi] htmx:sseMessage type=cycle.done @ :20
[ 5095649ms] [LOG] [tgoi] sseMessage type: status @ :21
[ 5095649ms] [LOG] [tgoi] htmx:sseMessage type=status @ :20
[ 5155664ms] [LOG] [tgoi] sseMessage type: cycle.done @ :21
[ 5155664ms] [LOG] [tgoi] htmx:sseMessage type=cycle.done @ :20
[ 5155666ms] [LOG] [tgoi] sseMessage type: status @ :21
[ 5155666ms] [LOG] [tgoi] htmx:sseMessage type=status @ :20
[ 5155680ms] [LOG] [tgoi] sseMessage type: cycle.done @ :21
[ 5155680ms] [LOG] [tgoi] htmx:sseMessage type=cycle.done @ :20
[ 5155680ms] [LOG] [tgoi] sseMessage type: status @ :21
[ 5155680ms] [LOG] [tgoi] htmx:sseMessage type=status @ :20
[ 5215698ms] [LOG] [tgoi] sseMessage type: cycle.done @ :21
[ 5215698ms] [LOG] [tgoi] htmx:sseMessage type=cycle.done @ :20
[ 5215698ms] [LOG] [tgoi] sseMessage type: status @ :21
[ 5215698ms] [LOG] [tgoi] htmx:sseMessage type=status @ :20
[ 5215715ms] [LOG] [tgoi] sseMessage type: cycle.done @ :21
[ 5215715ms] [LOG] [tgoi] htmx:sseMessage type=cycle.done @ :20
[ 5215716ms] [LOG] [tgoi] sseMessage type: status @ :21
[ 5215716ms] [LOG] [tgoi] htmx:sseMessage type=status @ :20
[ 5275734ms] [LOG] [tgoi] sseMessage type: cycle.done @ :21
[ 5275734ms] [LOG] [tgoi] htmx:sseMessage type=cycle.done @ :20
[ 5275735ms] [LOG] [tgoi] sseMessage type: status @ :21
[ 5275735ms] [LOG] [tgoi] htmx:sseMessage type=status @ :20
[ 5275751ms] [LOG] [tgoi] sseMessage type: cycle.done @ :21
[ 5275751ms] [LOG] [tgoi] htmx:sseMessage type=cycle.done @ :20
[ 5275751ms] [LOG] [tgoi] sseMessage type: status @ :21
[ 5275752ms] [LOG] [tgoi] htmx:sseMessage type=status @ :20
[ 5335769ms] [LOG] [tgoi] sseMessage type: cycle.done @ :21
[ 5335769ms] [LOG] [tgoi] htmx:sseMessage type=cycle.done @ :20
[ 5335770ms] [LOG] [tgoi] sseMessage type: status @ :21
[ 5335770ms] [LOG] [tgoi] htmx:sseMessage type=status @ :20
[ 5335785ms] [LOG] [tgoi] sseMessage type: cycle.done @ :21
[ 5335785ms] [LOG] [tgoi] htmx:sseMessage type=cycle.done @ :20
[ 5335786ms] [LOG] [tgoi] sseMessage type: status @ :21
[ 5335786ms] [LOG] [tgoi] htmx:sseMessage type=status @ :20
[ 5395805ms] [LOG] [tgoi] sseMessage type: cycle.done @ :21
[ 5395805ms] [LOG] [tgoi] htmx:sseMessage type=cycle.done @ :20
[ 5395805ms] [LOG] [tgoi] sseMessage type: status @ :21
[ 5395806ms] [LOG] [tgoi] htmx:sseMessage type=status @ :20
[ 5395821ms] [LOG] [tgoi] sseMessage type: cycle.done @ :21
[ 5395821ms] [LOG] [tgoi] htmx:sseMessage type=cycle.done @ :20
[ 5395822ms] [LOG] [tgoi] sseMessage type: status @ :21
[ 5395822ms] [LOG] [tgoi] htmx:sseMessage type=status @ :20
[ 5455840ms] [LOG] [tgoi] sseMessage type: cycle.done @ :21
[ 5455840ms] [LOG] [tgoi] htmx:sseMessage type=cycle.done @ :20
[ 5455841ms] [LOG] [tgoi] sseMessage type: status @ :21
[ 5455841ms] [LOG] [tgoi] htmx:sseMessage type=status @ :20
[ 5455857ms] [LOG] [tgoi] sseMessage type: cycle.done @ :21
[ 5455858ms] [LOG] [tgoi] htmx:sseMessage type=cycle.done @ :20
[ 5455858ms] [LOG] [tgoi] sseMessage type: status @ :21
[ 5455858ms] [LOG] [tgoi] htmx:sseMessage type=status @ :20
[ 5515875ms] [LOG] [tgoi] sseMessage type: cycle.done @ :21
[ 5515875ms] [LOG] [tgoi] htmx:sseMessage type=cycle.done @ :20
[ 5515878ms] [LOG] [tgoi] sseMessage type: status @ :21
[ 5515878ms] [LOG] [tgoi] htmx:sseMessage type=status @ :20
[ 5515893ms] [LOG] [tgoi] sseMessage type: cycle.done @ :21
[ 5515893ms] [LOG] [tgoi] htmx:sseMessage type=cycle.done @ :20
[ 5515894ms] [LOG] [tgoi] sseMessage type: status @ :21
[ 5515895ms] [LOG] [tgoi] htmx:sseMessage type=status @ :20
[ 5575934ms] [LOG] [tgoi] sseMessage type: cycle.done @ :21
[ 5575934ms] [LOG] [tgoi] htmx:sseMessage type=cycle.done @ :20
[ 5575935ms] [LOG] [tgoi] sseMessage type: status @ :21
[ 5575936ms] [LOG] [tgoi] htmx:sseMessage type=status @ :20
[ 5575943ms] [LOG] [tgoi] SSE lot.new received! @ :19
[ 5575943ms] [LOG] [tgoi] sseMessage type: lot.new @ :21
[ 5575943ms] [LOG] [tgoi] htmx:sseMessage type=lot.new @ :20
[ 5575943ms] [LOG] [tgoi] lot.new RECEIVED! @ :23
[ 5575949ms] [LOG] [tgoi] SSE lot.new received! @ :19
[ 5575949ms] [LOG] [tgoi] sseMessage type: lot.new @ :21
[ 5575949ms] [LOG] [tgoi] htmx:sseMessage type=lot.new @ :20
[ 5575949ms] [LOG] [tgoi] lot.new RECEIVED! @ :23
[ 5575966ms] [LOG] [tgoi] SSE lot.new received! @ :19
[ 5575966ms] [LOG] [tgoi] sseMessage type: lot.new @ :21
[ 5575966ms] [LOG] [tgoi] htmx:sseMessage type=lot.new @ :20
[ 5575966ms] [LOG] [tgoi] lot.new RECEIVED! @ :23
[ 5575970ms] [LOG] [tgoi] sseMessage type: cycle.done @ :21
[ 5575970ms] [LOG] [tgoi] htmx:sseMessage type=cycle.done @ :20
[ 5575971ms] [LOG] [tgoi] sseMessage type: status @ :21
[ 5575971ms] [LOG] [tgoi] htmx:sseMessage type=status @ :20
[ 5635998ms] [LOG] [tgoi] sseMessage type: cycle.done @ :21
[ 5635998ms] [LOG] [tgoi] htmx:sseMessage type=cycle.done @ :20
[ 5635999ms] [LOG] [tgoi] sseMessage type: status @ :21
[ 5635999ms] [LOG] [tgoi] htmx:sseMessage type=status @ :20
[ 5636020ms] [LOG] [tgoi] sseMessage type: cycle.done @ :21
[ 5636020ms] [LOG] [tgoi] htmx:sseMessage type=cycle.done @ :20
[ 5636020ms] [LOG] [tgoi] sseMessage type: status @ :21
[ 5636020ms] [LOG] [tgoi] htmx:sseMessage type=status @ :20
[ 5696044ms] [LOG] [tgoi] sseMessage type: cycle.done @ :21
[ 5696044ms] [LOG] [tgoi] htmx:sseMessage type=cycle.done @ :20
[ 5696045ms] [LOG] [tgoi] sseMessage type: status @ :21
[ 5696046ms] [LOG] [tgoi] htmx:sseMessage type=status @ :20
[ 5696066ms] [LOG] [tgoi] sseMessage type: cycle.done @ :21
[ 5696067ms] [LOG] [tgoi] htmx:sseMessage type=cycle.done @ :20
[ 5696067ms] [LOG] [tgoi] sseMessage type: status @ :21
[ 5696067ms] [LOG] [tgoi] htmx:sseMessage type=status @ :20
